4:1	T_KW_INT    	int
4:5	T_IDENT     	radius
4:12	T_ASSIGN    	=
4:14	T_INT_LIT   	10
4:16	T_SEMI      	;
5:1	T_KW_FLOAT  	float
5:7	T_IDENT     	pi
5:10	T_ASSIGN    	=
5:12	T_FLOAT_LIT 	3.14
5:16	T_COMMA     	,
5:18	T_IDENT     	area
5:22	T_SEMI      	;
7:1	T_IDENT     	area
7:6	T_ASSIGN    	=
7:8	T_FLOAT_LIT 	3.14
7:13	T_STAR      	*
7:15	T_IDENT     	radius
7:22	T_STAR      	*
7:24	T_IDENT     	radius
7:30	T_SEMI      	;
9:1	T_KW_IF     	if
9:4	T_LPAREN    	(
9:5	T_IDENT     	area
9:10	T_GE        	>=
9:13	T_FLOAT_LIT 	300.0
9:18	T_RPAREN    	)
9:20	T_LBRACE    	{
10:5	T_KW_PRINT  	print
10:11	T_IDENT     	area
10:15	T_SEMI      	;
11:1	T_RBRACE    	}
11:3	T_KW_ELSE   	else
11:8	T_LBRACE    	{
12:5	T_KW_PRINT  	print
12:11	T_INT_LIT   	0
12:12	T_SEMI      	;
13:1	T_RBRACE    	}
15:1	T_KW_WHILE  	while
15:7	T_LPAREN    	(
15:8	T_IDENT     	radius
15:15	T_NEQ       	!=
15:18	T_INT_LIT   	0
15:19	T_RPAREN    	)
15:21	T_LBRACE    	{
16:5	T_IDENT     	radius
16:12	T_ASSIGN    	=
16:14	T_IDENT     	radius
16:21	T_MINUS     	-
16:23	T_INT_LIT   	1
16:24	T_SEMI      	;
17:1	T_RBRACE    	}
19:1	T_KW_VOID   	void
19:6	T_IDENT     	_helper
19:13	T_LPAREN    	(
19:14	T_RPAREN    	)
19:16	T_LBRACE    	{
19:18	T_KW_RETURN 	return
19:24	T_SEMI      	;
19:26	T_RBRACE    	}
20:1	T_KW_INT    	int
20:5	T_IDENT     	arr
20:8	T_LBRACKET  	[
20:9	T_INT_LIT   	10
20:11	T_RBRACKET  	]
20:12	T_SEMI      	;
22:1	T_KW_INT    	int
22:5	T_IDENT     	cmp
22:9	T_ASSIGN    	=
22:11	T_LPAREN    	(
22:12	T_IDENT     	area
22:17	T_LE        	<=
22:20	T_INT_LIT   	500
22:23	T_RPAREN    	)
22:25	T_PLUS      	+
22:27	T_LPAREN    	(
22:28	T_IDENT     	area
22:33	T_GT        	>
22:35	T_INT_LIT   	5
22:36	T_RPAREN    	)
22:38	T_PLUS      	+
22:40	T_LPAREN    	(
22:41	T_IDENT     	area
22:46	T_LT        	<
22:48	T_INT_LIT   	6
22:49	T_RPAREN    	)
22:51	T_PLUS      	+
22:53	T_LPAREN    	(
22:54	T_INT_LIT   	1
22:56	T_EQ        	==
22:59	T_INT_LIT   	1
22:60	T_RPAREN    	)
22:62	T_PLUS      	+
22:64	T_LPAREN    	(
22:65	T_INT_LIT   	2
22:67	T_NEQ       	!=
22:70	T_INT_LIT   	3
22:71	T_RPAREN    	)
22:72	T_SEMI      	;
23:1	T_KW_INT    	int
23:5	T_IDENT     	logic
23:11	T_ASSIGN    	=
23:13	T_NOT       	!
23:14	T_IDENT     	cmp
23:18	T_ANDAND    	&&
23:21	T_IDENT     	cmp
23:25	T_OROR      	||
23:28	T_INT_LIT   	0
23:29	T_SEMI      	;
24:1	T_KW_BREAK  	break
24:6	T_SEMI      	;
24:8	T_KW_CONTINUE	continue
24:16	T_SEMI      	;
24:17	T_EOF	
== symbol table (identifier interned, in insertion order) ==
  radius           first seen at line 4
  pi               first seen at line 5
  area             first seen at line 5
  _helper          first seen at line 19
  arr              first seen at line 20
  cmp              first seen at line 22
  logic            first seen at line 23
